// Jest Snapshot v1, https://goo.gl/fbAQLP

exports[`Test Props required = True  1`] = `
ShallowWrapper {
  "length": 1,
  Symbol(enzyme.__root__): [Circular],
  Symbol(enzyme.__unrendered__): <Input
    label="E-mail"
    name="email"
    placeholder="E-mail"
    required={true}
    rounded={true}
    type="email"
    validate={null}
  />,
  Symbol(enzyme.__renderer__): Object {
    "batchedUpdates": [Function],
    "getNode": [Function],
    "render": [Function],
    "simulateEvent": [Function],
    "unmount": [Function],
  },
  Symbol(enzyme.__node__): Object {
    "instance": null,
    "key": undefined,
    "nodeType": "class",
    "props": Object {
      "component": [Function],
      "format": [Function],
      "label": "E-mail",
      "name": "email",
      "parse": [Function],
      "placeholder": "E-mail",
      "required": true,
      "rounded": true,
      "type": "email",
      "validate": [Function],
    },
    "ref": null,
    "rendered": null,
    "type": [Function],
  },
  Symbol(enzyme.__nodes__): Array [
    Object {
      "instance": null,
      "key": undefined,
      "nodeType": "class",
      "props": Object {
        "component": [Function],
        "format": [Function],
        "label": "E-mail",
        "name": "email",
        "parse": [Function],
        "placeholder": "E-mail",
        "required": true,
        "rounded": true,
        "type": "email",
        "validate": [Function],
      },
      "ref": null,
      "rendered": null,
      "type": [Function],
    },
  ],
  Symbol(enzyme.__options__): Object {
    "adapter": ReactSixteenAdapter {
      "options": Object {
        "enableComponentDidUpdateOnSetState": true,
      },
    },
  },
}
`;
